******************************************************************************
                  TI ARM Linker PC v18.1.5                     
******************************************************************************
>> Linked Fri Mar 29 18:08:31 2019

OUTPUT FILE NAME:   <Triphase_Inverter.out>
ENTRY POINT SYMBOL: "_c_int00_noargs"  address: 000040c1


MEMORY CONFIGURATION

         name            origin    length      used     unused   attr    fill
----------------------  --------  ---------  --------  --------  ----  --------
  FLASH                 00000000   00040000  00004aaa  0003b556  R  X
  SRAM                  20000000   00008000  00000487  00007b79  RW X


SEGMENT ALLOCATION MAP

run origin  load origin   length   init length attrs members
----------  ----------- ---------- ----------- ----- -------
00000000    00000000    00004ab0   00004ab0    r-x
  00000000    00000000    0000026c   0000026c    r-- .intvecs
  0000026c    0000026c    00003ec6   00003ec6    r-x .text
  00004134    00004134    00000930   00000930    r-- .const
  00004a68    00004a68    00000048   00000048    r-- .cinit
20000000    20000000    00000489   00000000    rw-
  20000000    20000000    0000026c   00000000    rw- .vtable
  2000026c    2000026c    00000002   00000000    rw- .bss
  20000270    20000270    00000200   00000000    rw- .stack
  20000470    20000470    00000019   00000000    rw- .data


SECTION ALLOCATION MAP

 output                                  attributes/
section   page    origin      length       input sections
--------  ----  ----------  ----------   ----------------
.intvecs   0    00000000    0000026c     
                  00000000    0000026c     tm4c123gh6pm_startup_ccs.obj (.intvecs)

.text      0    0000026c    00003ec6     
                  0000026c    00000f80     sysctl.obj (.text)
                  000011ec    00000b94     gpio.obj (.text)
                  00001d80    00000718     pwm.obj (.text)
                  00002498    00000642     timer.obj (.text)
                  00002ada    00000002     rtsv7M4_T_le_v4SPD16_eabi.lib : div0.asm.obj (.text)
                  00002adc    0000062e     uart.obj (.text)
                  0000310a    00000002     --HOLE-- [fill = 0]
                  0000310c    000004dc     uartstdio.obj (.text)
                  000035e8    00000490     inverter.obj (.text)
                  00003a78    000003c0     interrupt.obj (.text)
                  00003e38    000000c0     fpu.obj (.text)
                  00003ef8    0000009c     rtsv7M4_T_le_v4SPD16_eabi.lib : memcpy_t2.asm.obj (.text)
                  00003f94    00000068                                   : copy_decompress_lzss.c.obj (.text:decompress:lzss:__TI_decompress_lzss)
                  00003ffc    00000044                                   : autoinit.c.obj (.text:__TI_auto_init_nobinit_nopinit:__TI_auto_init_nobinit_nopinit)
                  00004040    00000040                                   : u_divt2.asm.obj (.text)
                  00004080    0000003e     cpu.obj (.text)
                  000040be    00000002     --HOLE-- [fill = 0]
                  000040c0    00000038     rtsv7M4_T_le_v4SPD16_eabi.lib : boot_cortex_m.c.obj (.text:_c_int00_noargs:_c_int00_noargs)
                  000040f8    00000012                                   : copy_zero_init.c.obj (.text:decompress:ZI:__TI_zero_init_nomemset:__TI_zero_init_nomemset)
                  0000410a    0000000e                                   : copy_decompress_none.c.obj (.text:decompress:none:__TI_decompress_none)
                  00004118    0000000c     tm4c123gh6pm_startup_ccs.obj (.text)
                  00004124    00000006     sysctl.obj (.text:SysCtlDelay)
                  0000412a    00000004     rtsv7M4_T_le_v4SPD16_eabi.lib : pre_init.c.obj (.text:_system_pre_init)
                  0000412e    00000004                                   : exit.c.obj (.text:abort:abort)

.const     0    00004134    00000930     
                  00004134    00000258     inverter.obj (.const:sen_table)
                  0000438c    000001b0     sysctl.obj (.const:g_pppui32XTALtoVCO)
                  0000453c    000000d8     gpio.obj (.const:g_ppui32GPIOIntMapSnowflake)
                  00004614    000000c0     gpio.obj (.const:g_ppui32GPIOIntMapBlizzard)
                  000046d4    0000009c     interrupt.obj (.const:g_pui32Regs)
                  00004770    00000090     gpio.obj (.const:g_pui32GPIOBaseAddrs)
                  00004800    0000006c     sysctl.obj (.const:g_pui32Xtals)
                  0000486c    00000060     timer.obj (.const:g_ppui32TimerIntMap)
                  000048cc    00000040     timer.obj (.const:g_ppui32TimerIntMapSnowflake)
                  0000490c    00000040     uart.obj (.const:g_ppui32UARTIntMap)
                  0000494c    00000040     uart.obj (.const:g_ppui32UARTIntMapSnowflake)
                  0000498c    00000030     sysctl.obj (.const:g_sXTALtoMEMTIM)
                  000049bc    00000020     interrupt.obj (.const:g_pui32Priority)
                  000049dc    00000014     interrupt.obj (.const:g_pui32Dii16Regs)
                  000049f0    00000014     interrupt.obj (.const:g_pui32EnRegs)
                  00004a04    00000014     interrupt.obj (.const:g_pui32PendRegs)
                  00004a18    00000014     interrupt.obj (.const:g_pui32UnpendRegs)
                  00004a2c    00000012     uartstdio.obj (.const:.string)
                  00004a3e    00000002     --HOLE-- [fill = 0]
                  00004a40    0000000c     uartstdio.obj (.const:g_ui32UARTBase)
                  00004a4c    0000000c     uartstdio.obj (.const:g_ui32UARTPeriph)
                  00004a58    00000008     sysctl.obj (.const:g_pui32VCOFrequencies)
                  00004a60    00000004     uartstdio.obj (.const)

.cinit     0    00004a68    00000048     
                  00004a68    00000014     (.cinit..data.load) [load image, compression = lzss]
                  00004a7c    0000000c     (__TI_handler_table)
                  00004a88    00000008     (.cinit..bss.load) [load image, compression = zero_init]
                  00004a90    00000008     (.cinit..vtable.load) [load image, compression = zero_init]
                  00004a98    00000018     (__TI_cinit_table)

.init_array 
*          0    00000000    00000000     UNINITIALIZED

.vtable    0    20000000    0000026c     UNINITIALIZED
                  20000000    0000026c     interrupt.obj (.vtable)

.bss       0    2000026c    00000002     UNINITIALIZED
                  2000026c    00000002     (.common:sentablesize)

.data      0    20000470    00000019     UNINITIALIZED
                  20000470    00000014     inverter.obj (.data)
                  20000484    00000005     uartstdio.obj (.data)

.stack     0    20000270    00000200     UNINITIALIZED
                  20000270    00000004     rtsv7M4_T_le_v4SPD16_eabi.lib : boot_cortex_m.c.obj (.stack)
                  20000274    000001fc     --HOLE--

MODULE SUMMARY

       Module                         code    ro data   rw data
       ------                         ----    -------   -------
    .\
       inverter.obj                   1168    600       22     
       tm4c123gh6pm_startup_ccs.obj   12      620       0      
    +--+------------------------------+-------+---------+---------+
       Total:                         1180    1220      22     
                                                               
    .\driverlib\
       sysctl.obj                     3974    596       0      
       gpio.obj                       2964    552       0      
       interrupt.obj                  960     268       620    
       pwm.obj                        1816    0         0      
       timer.obj                      1602    160       0      
       uart.obj                       1582    128       0      
       fpu.obj                        192     0         0      
       cpu.obj                        62      0         0      
    +--+------------------------------+-------+---------+---------+
       Total:                         13152   1704      620    
                                                               
    .\utils\
       uartstdio.obj                  1244    46        5      
    +--+------------------------------+-------+---------+---------+
       Total:                         1244    46        5      
                                                               
    C:\ti\ccsv8\tools\compiler\ti-cgt-arm_18.1.5.LTS\lib\rtsv7M4_T_le_v4SPD16_eabi.lib
       memcpy_t2.asm.obj              156     0         0      
       copy_decompress_lzss.c.obj     104     0         0      
       autoinit.c.obj                 68      0         0      
       u_divt2.asm.obj                64      0         0      
       boot_cortex_m.c.obj            56      0         0      
       copy_zero_init.c.obj           18      0         0      
       copy_decompress_none.c.obj     14      0         0      
       exit.c.obj                     4       0         0      
       pre_init.c.obj                 4       0         0      
       div0.asm.obj                   2       0         0      
    +--+------------------------------+-------+---------+---------+
       Total:                         490     0         0      
                                                               
       Stack:                         0       0         512    
       Linker Generated:              0       72        0      
    +--+------------------------------+-------+---------+---------+
       Grand Total:                   16066   3042      1159   


LINKER GENERATED COPY TABLES

__TI_cinit_table @ 00004a98 records: 3, size/record: 8, table size: 24
	.data: load addr=00004a68, load size=00000014 bytes, run addr=20000470, run size=00000019 bytes, compression=lzss
	.bss: load addr=00004a88, load size=00000008 bytes, run addr=2000026c, run size=00000002 bytes, compression=zero_init
	.vtable: load addr=00004a90, load size=00000008 bytes, run addr=20000000, run size=0000026c bytes, compression=zero_init


LINKER GENERATED HANDLER TABLE

__TI_handler_table @ 00004a7c records: 3, size/record: 4, table size: 12
	index: 0, handler: __TI_zero_init
	index: 1, handler: __TI_decompress_lzss
	index: 2, handler: __TI_decompress_none


GLOBAL SYMBOLS: SORTED ALPHABETICALLY BY Name 

address   name                            
-------   ----                            
0000412f  C$$EXIT                         
000040b5  CPUbasepriGet                   
000040a7  CPUbasepriSet                   
00004081  CPUcpsid                        
00004097  CPUcpsie                        
0000408d  CPUprimask                      
000040a3  CPUwfi                          
0000362d  ConfigureUART                   
20000474  DBfall                          
20000472  DBrise                          
00003e4b  FPUDisable                      
00003e39  FPUEnable                       
00003eb7  FPUFlushToZeroModeSet           
00003e83  FPUHalfPrecisionModeSet         
00003e6b  FPULazyStackingEnable           
00003e9d  FPUNaNModeSet                   
00003ed1  FPURoundingModeSet              
00003e77  FPUStackingDisable              
00003e59  FPUStackingEnable               
00001d59  GPIOADCTriggerDisable           
00001d3b  GPIOADCTriggerEnable            
00001d1d  GPIODMATriggerDisable           
00001cff  GPIODMATriggerEnable            
000012a7  GPIODirModeGet                  
0000124b  GPIODirModeSet                  
0000180f  GPIOIntClear                    
000017d3  GPIOIntDisable                  
000017b9  GPIOIntEnable                   
00001823  GPIOIntRegister                 
0000185b  GPIOIntRegisterPin              
000017ed  GPIOIntStatus                   
00001397  GPIOIntTypeGet                  
000012f3  GPIOIntTypeSet                  
00001841  GPIOIntUnregister               
00001889  GPIOIntUnregisterPin            
00001667  GPIOPadConfigGet                
0000142d  GPIOPadConfigSet                
00001ca1  GPIOPinConfigure                
000018ad  GPIOPinRead                     
000018e5  GPIOPinTypeADC                  
00001909  GPIOPinTypeCAN                  
0000192d  GPIOPinTypeComparator           
00001951  GPIOPinTypeComparatorOutput     
00001975  GPIOPinTypeDIVSCLK              
00001999  GPIOPinTypeEPI                  
000019bd  GPIOPinTypeEthernetLED          
000019e1  GPIOPinTypeEthernetMII          
00001a05  GPIOPinTypeGPIOInput            
00001a29  GPIOPinTypeGPIOOutput           
00001a4d  GPIOPinTypeGPIOOutputOD         
00001a71  GPIOPinTypeHibernateRTCCLK      
00001a95  GPIOPinTypeI2C                  
00001ab9  GPIOPinTypeI2CSCL               
00001add  GPIOPinTypeLCD                  
00001b01  GPIOPinTypeOneWire              
00001b25  GPIOPinTypePWM                  
00001b49  GPIOPinTypeQEI                  
00001b6d  GPIOPinTypeSSI                  
00001b91  GPIOPinTypeTimer                
00001bb5  GPIOPinTypeTrace                
00001bd9  GPIOPinTypeUART                 
00001bfd  GPIOPinTypeUSBAnalog            
00001c21  GPIOPinTypeUSBDigital           
00001c45  GPIOPinTypeWakeHigh             
00001c6b  GPIOPinTypeWakeLow              
00001c91  GPIOPinWakeStatus               
000018c5  GPIOPinWrite                    
00003c39  IntDisable                      
00003bc7  IntEnable                       
00003cab  IntIsEnabled                    
00003a8b  IntMasterDisable                
00003a7b  IntMasterEnable                 
00003da1  IntPendClear                    
00003d31  IntPendSet                      
00003ba3  IntPriorityGet                  
00003b1b  IntPriorityGroupingGet          
00003b01  IntPriorityGroupingSet          
00003dfb  IntPriorityMaskGet              
00003def  IntPriorityMaskSet              
00003b53  IntPrioritySet                  
00003a9b  IntRegister                     
00003e03  IntTrigger                      
00003aed  IntUnregister                   
000023fb  PWMClockGet                     
000023db  PWMClockSet                     
00001f25  PWMDeadBandDisable              
00001eed  PWMDeadBandEnable               
000022a1  PWMFaultIntClear                
000022d3  PWMFaultIntClearExt             
000021bb  PWMFaultIntRegister             
000021d9  PWMFaultIntUnregister           
00001d81  PWMGenConfigure                 
00001e3f  PWMGenDisable                   
00001e25  PWMGenEnable                    
000023a5  PWMGenFaultClear                
000022f1  PWMGenFaultConfigure            
0000236f  PWMGenFaultStatus               
0000234b  PWMGenFaultTriggerGet           
00002321  PWMGenFaultTriggerSet           
00002259  PWMGenIntClear                  
0000212d  PWMGenIntRegister               
0000222f  PWMGenIntStatus                 
00002211  PWMGenIntTrigDisable            
000021f3  PWMGenIntTrigEnable             
00002155  PWMGenIntUnregister             
00001dfb  PWMGenPeriodGet                 
00001dcb  PWMGenPeriodSet                 
00002289  PWMIntDisable                   
00002271  PWMIntEnable                    
000022b3  PWMIntStatus                    
00001ffb  PWMOutputFault                  
00001fc9  PWMOutputFaultLevel             
00001f97  PWMOutputInvert                 
00001f65  PWMOutputState                  
00002425  PWMOutputUpdateMode             
00001ea3  PWMPulseWidthGet                
00001e59  PWMPulseWidthSet                
00001f53  PWMSyncTimeBase                 
00001f41  PWMSyncUpdate                   
20000470  PWMfrequency                    
00004119  ResetISR                        
00003687  SetBothComp                     
000036c3  SetBothCompSen                  
00003749  SetPWMDrivers                   
000035e9  SetTimers                       
000011a9  SysCtlAltClkConfig              
000008d1  SysCtlClockFreqSet              
00000d99  SysCtlClockGet                  
0000118d  SysCtlClockOutConfig            
00000bc9  SysCtlClockSet                  
000007d5  SysCtlDeepSleep                 
00000f5d  SysCtlDeepSleepClockConfigSet   
00000f3f  SysCtlDeepSleepClockSet         
000007b5  SysCtlDeepSleepPowerSet         
00004125  SysCtlDelay                     
00000363  SysCtlFlashSectorSizeGet        
00000337  SysCtlFlashSizeGet              
00001033  SysCtlGPIOAHBDisable            
00001017  SysCtlGPIOAHBEnable             
00000749  SysCtlIntClear                  
00000731  SysCtlIntDisable                
0000071d  SysCtlIntEnable                 
000006f5  SysCtlIntRegister               
00000759  SysCtlIntStatus                 
0000070d  SysCtlIntUnregister             
0000079b  SysCtlLDODeepSleepGet           
0000078b  SysCtlLDODeepSleepSet           
00000785  SysCtlLDOSleepGet               
00000775  SysCtlLDOSleepSet               
0000080b  SysCtlMOSCConfigSet             
00001171  SysCtlNMIClear                  
0000115d  SysCtlNMIStatus                 
00000821  SysCtlPIOSCCalibrate            
00001001  SysCtlPWMClockGet               
00000fe7  SysCtlPWMClockSet               
000006a1  SysCtlPeripheralClockGating     
00000659  SysCtlPeripheralDeepSleepDisable
00000609  SysCtlPeripheralDeepSleepEnable 
00000545  SysCtlPeripheralDisable         
00000509  SysCtlPeripheralEnable          
00000445  SysCtlPeripheralPowerOff        
00000409  SysCtlPeripheralPowerOn         
00000389  SysCtlPeripheralPresent         
000003c9  SysCtlPeripheralReady           
00000481  SysCtlPeripheralReset           
000005cd  SysCtlPeripheralSleepDisable    
00000589  SysCtlPeripheralSleepEnable     
000007c5  SysCtlReset                     
00000881  SysCtlResetBehaviorGet          
00000871  SysCtlResetBehaviorSet          
000007f7  SysCtlResetCauseClear           
000007f1  SysCtlResetCauseGet             
0000032d  SysCtlSRAMSizeGet               
000007cd  SysCtlSleep                     
000007a1  SysCtlSleepPowerSet             
0000105b  SysCtlUSBPLLDisable             
0000104f  SysCtlUSBPLLEnable              
000010a1  SysCtlVCOGet                    
00001089  SysCtlVoltageEventClear         
0000106d  SysCtlVoltageEventConfig        
0000107d  SysCtlVoltageEventStatus        
00003891  Timer2IntHandler                
00002a59  TimerADCEventGet                
00002a47  TimerADCEventSet                
0000277d  TimerClockSourceGet             
00002753  TimerClockSourceSet             
00002547  TimerConfigure                  
00002667  TimerControlEvent               
000025c3  TimerControlLevel               
00002691  TimerControlStall               
000025f9  TimerControlTrigger             
000026c7  TimerControlWaitOnTrigger       
00002a79  TimerDMAEventGet                
00002a67  TimerDMAEventSet                
00002529  TimerDisable                    
0000250b  TimerEnable                     
00002a23  TimerIntClear                   
000029ed  TimerIntDisable                 
000029d5  TimerIntEnable                  
0000298f  TimerIntRegister                
00002a05  TimerIntStatus                  
000029b7  TimerIntUnregister              
00002847  TimerLoadGet                    
0000287d  TimerLoadGet64                  
0000281d  TimerLoadSet                    
00002863  TimerLoadSet64                  
00002927  TimerMatchGet                   
0000295d  TimerMatchGet64                 
000028fd  TimerMatchSet                   
00002943  TimerMatchSet64                 
000027b7  TimerPrescaleGet                
00002801  TimerPrescaleMatchGet           
000027d3  TimerPrescaleMatchSet           
0000278d  TimerPrescaleSet                
0000273d  TimerRTCDisable                 
00002727  TimerRTCEnable                  
00002a35  TimerSynchronize                
00002a87  TimerUpdateMode                 
0000361d  TimerUpdatePeriod               
000028af  TimerValueGet                   
000028cb  TimerValueGet64                 
000030ad  UART9BitAddrSend                
00003087  UART9BitAddrSet                 
00003071  UART9BitDisable                 
0000305b  UART9BitEnable                  
00002eff  UARTBreakCtl                    
00002f29  UARTBusy                        
00002ea7  UARTCharGet                     
00002e8b  UARTCharGetNonBlocking          
00002ee1  UARTCharPut                     
00002ebd  UARTCharPutNonBlocking          
00002e4f  UARTCharsAvail                  
0000304b  UARTClockSourceGet              
00003037  UARTClockSourceSet              
00002c1f  UARTConfigGetExpClk             
00002ba9  UARTConfigSetExpClk             
00002ffd  UARTDMADisable                  
00002fe5  UARTDMAEnable                   
00002c8f  UARTDisable                     
00002d13  UARTDisableSIR                  
00002c6b  UARTEnable                      
00002ce5  UARTEnableSIR                   
00002ccf  UARTFIFODisable                 
00002cb9  UARTFIFOEnable                  
00002b81  UARTFIFOLevelGet                
00002b69  UARTFIFOLevelSet                
00002e0f  UARTFlowControlGet              
00002df3  UARTFlowControlSet              
00002fd3  UARTIntClear                    
00002f9d  UARTIntDisable                  
00002f85  UARTIntEnable                   
00002f47  UARTIntRegister                 
00002fb5  UARTIntStatus                   
00002f65  UARTIntUnregister               
000030f5  UARTLoopbackEnable              
00002da9  UARTModemControlClear           
00002dcd  UARTModemControlGet             
00002d71  UARTModemControlSet             
00002ddf  UARTModemStatusGet              
00002b57  UARTParityModeGet               
00002b3b  UARTParityModeSet               
00003027  UARTRxErrorClear                
00003015  UARTRxErrorGet                  
00002d5b  UARTSmartCardDisable            
00002d29  UARTSmartCardEnable             
00002e6d  UARTSpaceAvail                  
0000310d  UARTStdioConfig                 
00002e3d  UARTTxIntModeGet                
00002e21  UARTTxIntModeSet                
00003285  UARTgetc                        
000031bf  UARTgets                        
000035b3  UARTprintf                      
000032b9  UARTvprintf                     
0000316d  UARTwrite                       
20000476  Updatefrequency                 
20000470  __STACK_END                     
00000200  __STACK_SIZE                    
20000470  __STACK_TOP                     
00004a98  __TI_CINIT_Base                 
00004ab0  __TI_CINIT_Limit                
00004a7c  __TI_Handler_Table_Base         
00004a88  __TI_Handler_Table_Limit        
00003ffd  __TI_auto_init_nobinit_nopinit  
00003f95  __TI_decompress_lzss            
0000410b  __TI_decompress_none            
ffffffff  __TI_pprof_out_hndl             
ffffffff  __TI_prof_data_size             
ffffffff  __TI_prof_data_start            
00000000  __TI_static_base__              
000040f9  __TI_zero_init_nomemset         
00002adb  __aeabi_idiv0                   
00002adb  __aeabi_ldiv0                   
00003ef9  __aeabi_memcpy                  
00003ef9  __aeabi_memcpy4                 
00003ef9  __aeabi_memcpy8                 
00004041  __aeabi_uidiv                   
00004041  __aeabi_uidivmod                
ffffffff  __binit__                       
ffffffff  __c_args__                      
UNDEFED   __mpu_init                      
20000270  __stack                         
000040c1  _c_int00_noargs                 
UNDEFED   _system_post_cinit              
0000412b  _system_pre_init                
0000412f  abort                           
ffffffff  binit                           
20000000  g_pfnRAMVectors                 
00000000  g_pfnVectors                    
00003945  main                            
00003ef9  memcpy                          
00004134  sen_table                       
20000478  senamp                          
2000026c  sentablesize                    
2000047c  senvalA                         
2000047e  senvalB                         
20000480  senvalC                         
20000482  senvalD                         


GLOBAL SYMBOLS: SORTED BY Symbol Address 

address   name                            
-------   ----                            
00000000  __TI_static_base__              
00000000  g_pfnVectors                    
00000200  __STACK_SIZE                    
0000032d  SysCtlSRAMSizeGet               
00000337  SysCtlFlashSizeGet              
00000363  SysCtlFlashSectorSizeGet        
00000389  SysCtlPeripheralPresent         
000003c9  SysCtlPeripheralReady           
00000409  SysCtlPeripheralPowerOn         
00000445  SysCtlPeripheralPowerOff        
00000481  SysCtlPeripheralReset           
00000509  SysCtlPeripheralEnable          
00000545  SysCtlPeripheralDisable         
00000589  SysCtlPeripheralSleepEnable     
000005cd  SysCtlPeripheralSleepDisable    
00000609  SysCtlPeripheralDeepSleepEnable 
00000659  SysCtlPeripheralDeepSleepDisable
000006a1  SysCtlPeripheralClockGating     
000006f5  SysCtlIntRegister               
0000070d  SysCtlIntUnregister             
0000071d  SysCtlIntEnable                 
00000731  SysCtlIntDisable                
00000749  SysCtlIntClear                  
00000759  SysCtlIntStatus                 
00000775  SysCtlLDOSleepSet               
00000785  SysCtlLDOSleepGet               
0000078b  SysCtlLDODeepSleepSet           
0000079b  SysCtlLDODeepSleepGet           
000007a1  SysCtlSleepPowerSet             
000007b5  SysCtlDeepSleepPowerSet         
000007c5  SysCtlReset                     
000007cd  SysCtlSleep                     
000007d5  SysCtlDeepSleep                 
000007f1  SysCtlResetCauseGet             
000007f7  SysCtlResetCauseClear           
0000080b  SysCtlMOSCConfigSet             
00000821  SysCtlPIOSCCalibrate            
00000871  SysCtlResetBehaviorSet          
00000881  SysCtlResetBehaviorGet          
000008d1  SysCtlClockFreqSet              
00000bc9  SysCtlClockSet                  
00000d99  SysCtlClockGet                  
00000f3f  SysCtlDeepSleepClockSet         
00000f5d  SysCtlDeepSleepClockConfigSet   
00000fe7  SysCtlPWMClockSet               
00001001  SysCtlPWMClockGet               
00001017  SysCtlGPIOAHBEnable             
00001033  SysCtlGPIOAHBDisable            
0000104f  SysCtlUSBPLLEnable              
0000105b  SysCtlUSBPLLDisable             
0000106d  SysCtlVoltageEventConfig        
0000107d  SysCtlVoltageEventStatus        
00001089  SysCtlVoltageEventClear         
000010a1  SysCtlVCOGet                    
0000115d  SysCtlNMIStatus                 
00001171  SysCtlNMIClear                  
0000118d  SysCtlClockOutConfig            
000011a9  SysCtlAltClkConfig              
0000124b  GPIODirModeSet                  
000012a7  GPIODirModeGet                  
000012f3  GPIOIntTypeSet                  
00001397  GPIOIntTypeGet                  
0000142d  GPIOPadConfigSet                
00001667  GPIOPadConfigGet                
000017b9  GPIOIntEnable                   
000017d3  GPIOIntDisable                  
000017ed  GPIOIntStatus                   
0000180f  GPIOIntClear                    
00001823  GPIOIntRegister                 
00001841  GPIOIntUnregister               
0000185b  GPIOIntRegisterPin              
00001889  GPIOIntUnregisterPin            
000018ad  GPIOPinRead                     
000018c5  GPIOPinWrite                    
000018e5  GPIOPinTypeADC                  
00001909  GPIOPinTypeCAN                  
0000192d  GPIOPinTypeComparator           
00001951  GPIOPinTypeComparatorOutput     
00001975  GPIOPinTypeDIVSCLK              
00001999  GPIOPinTypeEPI                  
000019bd  GPIOPinTypeEthernetLED          
000019e1  GPIOPinTypeEthernetMII          
00001a05  GPIOPinTypeGPIOInput            
00001a29  GPIOPinTypeGPIOOutput           
00001a4d  GPIOPinTypeGPIOOutputOD         
00001a71  GPIOPinTypeHibernateRTCCLK      
00001a95  GPIOPinTypeI2C                  
00001ab9  GPIOPinTypeI2CSCL               
00001add  GPIOPinTypeLCD                  
00001b01  GPIOPinTypeOneWire              
00001b25  GPIOPinTypePWM                  
00001b49  GPIOPinTypeQEI                  
00001b6d  GPIOPinTypeSSI                  
00001b91  GPIOPinTypeTimer                
00001bb5  GPIOPinTypeTrace                
00001bd9  GPIOPinTypeUART                 
00001bfd  GPIOPinTypeUSBAnalog            
00001c21  GPIOPinTypeUSBDigital           
00001c45  GPIOPinTypeWakeHigh             
00001c6b  GPIOPinTypeWakeLow              
00001c91  GPIOPinWakeStatus               
00001ca1  GPIOPinConfigure                
00001cff  GPIODMATriggerEnable            
00001d1d  GPIODMATriggerDisable           
00001d3b  GPIOADCTriggerEnable            
00001d59  GPIOADCTriggerDisable           
00001d81  PWMGenConfigure                 
00001dcb  PWMGenPeriodSet                 
00001dfb  PWMGenPeriodGet                 
00001e25  PWMGenEnable                    
00001e3f  PWMGenDisable                   
00001e59  PWMPulseWidthSet                
00001ea3  PWMPulseWidthGet                
00001eed  PWMDeadBandEnable               
00001f25  PWMDeadBandDisable              
00001f41  PWMSyncUpdate                   
00001f53  PWMSyncTimeBase                 
00001f65  PWMOutputState                  
00001f97  PWMOutputInvert                 
00001fc9  PWMOutputFaultLevel             
00001ffb  PWMOutputFault                  
0000212d  PWMGenIntRegister               
00002155  PWMGenIntUnregister             
000021bb  PWMFaultIntRegister             
000021d9  PWMFaultIntUnregister           
000021f3  PWMGenIntTrigEnable             
00002211  PWMGenIntTrigDisable            
0000222f  PWMGenIntStatus                 
00002259  PWMGenIntClear                  
00002271  PWMIntEnable                    
00002289  PWMIntDisable                   
000022a1  PWMFaultIntClear                
000022b3  PWMIntStatus                    
000022d3  PWMFaultIntClearExt             
000022f1  PWMGenFaultConfigure            
00002321  PWMGenFaultTriggerSet           
0000234b  PWMGenFaultTriggerGet           
0000236f  PWMGenFaultStatus               
000023a5  PWMGenFaultClear                
000023db  PWMClockSet                     
000023fb  PWMClockGet                     
00002425  PWMOutputUpdateMode             
0000250b  TimerEnable                     
00002529  TimerDisable                    
00002547  TimerConfigure                  
000025c3  TimerControlLevel               
000025f9  TimerControlTrigger             
00002667  TimerControlEvent               
00002691  TimerControlStall               
000026c7  TimerControlWaitOnTrigger       
00002727  TimerRTCEnable                  
0000273d  TimerRTCDisable                 
00002753  TimerClockSourceSet             
0000277d  TimerClockSourceGet             
0000278d  TimerPrescaleSet                
000027b7  TimerPrescaleGet                
000027d3  TimerPrescaleMatchSet           
00002801  TimerPrescaleMatchGet           
0000281d  TimerLoadSet                    
00002847  TimerLoadGet                    
00002863  TimerLoadSet64                  
0000287d  TimerLoadGet64                  
000028af  TimerValueGet                   
000028cb  TimerValueGet64                 
000028fd  TimerMatchSet                   
00002927  TimerMatchGet                   
00002943  TimerMatchSet64                 
0000295d  TimerMatchGet64                 
0000298f  TimerIntRegister                
000029b7  TimerIntUnregister              
000029d5  TimerIntEnable                  
000029ed  TimerIntDisable                 
00002a05  TimerIntStatus                  
00002a23  TimerIntClear                   
00002a35  TimerSynchronize                
00002a47  TimerADCEventSet                
00002a59  TimerADCEventGet                
00002a67  TimerDMAEventSet                
00002a79  TimerDMAEventGet                
00002a87  TimerUpdateMode                 
00002adb  __aeabi_idiv0                   
00002adb  __aeabi_ldiv0                   
00002b3b  UARTParityModeSet               
00002b57  UARTParityModeGet               
00002b69  UARTFIFOLevelSet                
00002b81  UARTFIFOLevelGet                
00002ba9  UARTConfigSetExpClk             
00002c1f  UARTConfigGetExpClk             
00002c6b  UARTEnable                      
00002c8f  UARTDisable                     
00002cb9  UARTFIFOEnable                  
00002ccf  UARTFIFODisable                 
00002ce5  UARTEnableSIR                   
00002d13  UARTDisableSIR                  
00002d29  UARTSmartCardEnable             
00002d5b  UARTSmartCardDisable            
00002d71  UARTModemControlSet             
00002da9  UARTModemControlClear           
00002dcd  UARTModemControlGet             
00002ddf  UARTModemStatusGet              
00002df3  UARTFlowControlSet              
00002e0f  UARTFlowControlGet              
00002e21  UARTTxIntModeSet                
00002e3d  UARTTxIntModeGet                
00002e4f  UARTCharsAvail                  
00002e6d  UARTSpaceAvail                  
00002e8b  UARTCharGetNonBlocking          
00002ea7  UARTCharGet                     
00002ebd  UARTCharPutNonBlocking          
00002ee1  UARTCharPut                     
00002eff  UARTBreakCtl                    
00002f29  UARTBusy                        
00002f47  UARTIntRegister                 
00002f65  UARTIntUnregister               
00002f85  UARTIntEnable                   
00002f9d  UARTIntDisable                  
00002fb5  UARTIntStatus                   
00002fd3  UARTIntClear                    
00002fe5  UARTDMAEnable                   
00002ffd  UARTDMADisable                  
00003015  UARTRxErrorGet                  
00003027  UARTRxErrorClear                
00003037  UARTClockSourceSet              
0000304b  UARTClockSourceGet              
0000305b  UART9BitEnable                  
00003071  UART9BitDisable                 
00003087  UART9BitAddrSet                 
000030ad  UART9BitAddrSend                
000030f5  UARTLoopbackEnable              
0000310d  UARTStdioConfig                 
0000316d  UARTwrite                       
000031bf  UARTgets                        
00003285  UARTgetc                        
000032b9  UARTvprintf                     
000035b3  UARTprintf                      
000035e9  SetTimers                       
0000361d  TimerUpdatePeriod               
0000362d  ConfigureUART                   
00003687  SetBothComp                     
000036c3  SetBothCompSen                  
00003749  SetPWMDrivers                   
00003891  Timer2IntHandler                
00003945  main                            
00003a7b  IntMasterEnable                 
00003a8b  IntMasterDisable                
00003a9b  IntRegister                     
00003aed  IntUnregister                   
00003b01  IntPriorityGroupingSet          
00003b1b  IntPriorityGroupingGet          
00003b53  IntPrioritySet                  
00003ba3  IntPriorityGet                  
00003bc7  IntEnable                       
00003c39  IntDisable                      
00003cab  IntIsEnabled                    
00003d31  IntPendSet                      
00003da1  IntPendClear                    
00003def  IntPriorityMaskSet              
00003dfb  IntPriorityMaskGet              
00003e03  IntTrigger                      
00003e39  FPUEnable                       
00003e4b  FPUDisable                      
00003e59  FPUStackingEnable               
00003e6b  FPULazyStackingEnable           
00003e77  FPUStackingDisable              
00003e83  FPUHalfPrecisionModeSet         
00003e9d  FPUNaNModeSet                   
00003eb7  FPUFlushToZeroModeSet           
00003ed1  FPURoundingModeSet              
00003ef9  __aeabi_memcpy                  
00003ef9  __aeabi_memcpy4                 
00003ef9  __aeabi_memcpy8                 
00003ef9  memcpy                          
00003f95  __TI_decompress_lzss            
00003ffd  __TI_auto_init_nobinit_nopinit  
00004041  __aeabi_uidiv                   
00004041  __aeabi_uidivmod                
00004081  CPUcpsid                        
0000408d  CPUprimask                      
00004097  CPUcpsie                        
000040a3  CPUwfi                          
000040a7  CPUbasepriSet                   
000040b5  CPUbasepriGet                   
000040c1  _c_int00_noargs                 
000040f9  __TI_zero_init_nomemset         
0000410b  __TI_decompress_none            
00004119  ResetISR                        
00004125  SysCtlDelay                     
0000412b  _system_pre_init                
0000412f  C$$EXIT                         
0000412f  abort                           
00004134  sen_table                       
00004a7c  __TI_Handler_Table_Base         
00004a88  __TI_Handler_Table_Limit        
00004a98  __TI_CINIT_Base                 
00004ab0  __TI_CINIT_Limit                
20000000  g_pfnRAMVectors                 
2000026c  sentablesize                    
20000270  __stack                         
20000470  PWMfrequency                    
20000470  __STACK_END                     
20000470  __STACK_TOP                     
20000472  DBrise                          
20000474  DBfall                          
20000476  Updatefrequency                 
20000478  senamp                          
2000047c  senvalA                         
2000047e  senvalB                         
20000480  senvalC                         
20000482  senvalD                         
ffffffff  __TI_pprof_out_hndl             
ffffffff  __TI_prof_data_size             
ffffffff  __TI_prof_data_start            
ffffffff  __binit__                       
ffffffff  __c_args__                      
ffffffff  binit                           
UNDEFED   __mpu_init                      
UNDEFED   _system_post_cinit              

[317 symbols]
